// Jest Snapshot v1, https://goo.gl/fbAQLP

exports[`greeter function Sample conversion test 1`] = `
"query {
    uiapi {
        query {
            Account (first: 3) {
                edges {
                    node {
                        Id
                        Name {
                            value
                        }
                        Opportunities {
                            edges {
                                node {
                                    Id
                                }
                            }
                        }
                    }
                }
            }
        }
    }
}"
`;
